
> frontend@0.0.0 build
> tsc -b && vite build

src/contexts/ToastContext.tsx(1,8): error TS6133: 'React' is declared but its value is never read.
src/contexts/ToastContext.tsx(1,67): error TS1484: 'ReactNode' is a type and must be imported using a type-only import when 'verbatimModuleSyntax' is enabled.
src/pages/Reports.tsx(133,13): error TS7034: Variable 'tableRows' implicitly has type 'any[]' in some locations where its type cannot be determined.
src/pages/Reports.tsx(152,15): error TS7005: Variable 'tableRows' implicitly has an 'any[]' type.
src/pages/ServiceForm.tsx(41,19): error TS6133: 'setSuccess' is declared but its value is never read.
src/pages/Users.tsx(25,9): error TS6133: 'currentUser' is declared but its value is never read.
